Bad input
Bad input
Bad input
Bad input
Bad input
Bad input
Bad input
Bad input
(4.000,0.000) (0.000,0.000) (0.000,0.000) (0.000,0.000)
Bad input
Bad input
Bad input
(4.000,0.000) (0.000,0.000) (0.000,0.000) (0.000,0.000)
Bad input
Bad input
Bad input
Bad input
Bad input
Bad input
Bad input
(4.000,4.000) (0.000,0.000) (0.000,0.000) (0.000,0.000)
Bad input
Bad input
Bad input
Bad input
Bad input
Bad input
Bad input
